<html>
<body>
<pre>
<h1>µVision Build Log</h1>
<h2>Project:</h2>
C:\Users\u4cse16159\Downloads\SOS\SOS\SOS.uvproj
Project File Date:  04/27/2018

<h2>Output:</h2>
Rebuild target 'SOS'
assembling startup.s...
compiling main.c...
linking...
Program Size: Code=1436 RO-data=32 RW-data=8 ZI-data=1120  
".\C7_SOS.axf" - 0 Error(s), 0 Warning(s).
Load "C:\\Users\\u4cse16159\\Downloads\\SOS\\SOS\\C7_SOS.axf" 
Connecting: Mode=JTAG, Speed=1000000Hz
Erase Done.
Programming Done.
Verify OK.
</pre>
</body>
</html>
 Error(s), 0 Warning(s).
Target not created
Error: Could not load file 'C:\Users\u4cse16159\Downloads\SOS\SOS\C7_SOS.axf'. Debugger aborted !
