<html>
<body>
<pre>
<h1>µVision Build Log</h1>
<h2>Project:</h2>
C:\Users\u4cse16159\Downloads\L10_Systick\L10_Systick\SysTick.uvproj
Project File Date:  05/05/2018

<h2>Output:</h2>
Rebuild target 'SysTick'
assembling startup.s...
compiling SysTick.c...
compiling SysTickTestMain.c...
linking...
Program Size: Code=1468 RO-data=32 RW-data=8 ZI-data=1120  
".\SysTick.axf" - 0 Error(s), 0 Warning(s).
Load "C:\\Users\\u4cse16159\\Downloads\\L10_Systick\\L10_Systick\\SysTick.axf" 
Connecting: Mode=JTAG, Speed=1000000Hz
Erase Done.
Programming Done.
Verify OK.
