<html>
<body>
<pre>
<h1>µVision Build Log</h1>
<h2>Project:</h2>
C:\Users\u4cse16159\Downloads\L10_Odd1sDetector\L10_Odd1sDetector\C10-Odd1sDetect.uvproj
Project File Date:  05/05/2018

<h2>Output:</h2>
Build target 'C10_Odd1sDetect'
compiling main.c...
linking...
Program Size: Code=1280 RO-data=44 RW-data=4 ZI-data=1124  
".\C10_Odd1sDetect.axf" - 0 Error(s), 0 Warning(s).
Load "C:\\Users\\u4cse16159\\Downloads\\L10_Odd1sDetector\\L10_Odd1sDetector\\C10_Odd1sDetect.axf" 
Connecting: Mode=JTAG, Speed=1000000Hz
Erase Done.
Programming Done.
Verify OK.
</pre>
</body>
</html>
 error code=&d
Error: Flash Download failed  -  Target DLL has been cancelled
Load "C:\\Users\\u4cse16159\\Downloads\\L10_Odd1sDetector\\L10_Odd1sDetector\\C10_Odd1sDetect.axf" 
Connecting: Mode=JTAG, Speed=1000000Hz
Connection failed!, error code=&d
Error: Flash Download failed  -  Target DLL has been cancelled
Load "C:\\Users\\u4cse16159\\Downloads\\L10_Odd1sDetector\\L10_Odd1sDetector\\C10_Odd1sDetect.axf" 
Connecting: Mode=JTAG, Speed=1000000Hz
Connection failed!, error code=&d
Error: Flash Download failed  -  Target DLL has been cancelled
Load "C:\\Users\\u4cse16159\\Downloads\\L10_Odd1sDetector\\L10_Odd1sDetector\\C10_Odd1sDetect.axf" 
Connecting: Mode=JTAG, Speed=1000000Hz
Erase Done.
Programming Done.
Verify OK.
Load "C:\\Users\\u4cse16159\\Downloads\\L10_Odd1sDetector\\L10_Odd1sDetector\\C10_Odd1sDetect.axf" 
Connecting: Mode=JTAG, Speed=1000000Hz
Erase Done.
Programming Done.
Verify OK.
